- test bitrot --> passed 
- testkill zrobot process and make sure it will restart automatically --> passed 
- test kill minio process and make sure it will restart automatically --> passed
- test001_zdb_kill --> passed
- test002_upload_stop_parity_zdb_download --> passed
- test003_stop_parity_zdb_upload_download_start --> passed
- test004_stop_parity_zdb_upload_start_download --> paased
- test005_stop_greater_parity_zdb_upload --> passed
- test001_upload_stop_tlog_start_download --> passed
- test003_upload_kill_tlog_download --> passed
- 


root@ubuntu:/opt/code/github/threefoldtech/minio/test/failures_testsuite# nosetests-3.4 -vs --logging-level=WARNING --progressive-with-bar --rednose testcases/s3/test05_bitrot.py
[Fri23 14:12] - failures.py       :34  :j.<module>           - INFO     - check 626d72f9-8c3a-4e3e-af82-1a4d1f05f3dd on node ac1f6b457630 status
[Fri23 14:12] - failures.py       :34  :j.<module>           - INFO     - check 7981431a-625f-4d59-ad0e-701d567a0b66 on node ac1f6b457630 status
[Fri23 14:12] - failures.py       :34  :j.<module>           - INFO     - check 35a341f9-c3bb-409f-b45d-efa813b900fa on node ac1f6b457344 status
[Fri23 14:12] - failures.py       :34  :j.<module>           - INFO     - check fd99b806-e258-41d7-a401-d17dd09c6c03 on node ac1f6b457338 status
[Fri23 14:12] - failures.py       :34  :j.<module>           - INFO     - check dd709fa4-589d-4a10-a498-0a72c3d778b3 on node ac1f6b457344 status
[Fri23 14:12] - failures.py       :34  :j.<module>           - INFO     - check e091822e-310c-451f-a449-e150f5b6eb5c on node ac1f6b457338 status
[Fri23 14:12] - failures.py       :34  :j.<module>           - INFO     - check 4910b35c-8776-4ed9-b17a-9c789d6077a5 on node ac1f6b457344 status
[Fri23 14:12] - failures.py       :34  :j.<module>           - INFO     - check ce50075b-b3e0-4f8e-94d1-0d2e6f51475d on node ac1f6b457338 status
test001_bitrot ... [Fri23 14:12] - test05_bitrot.py  :12  :j.s3_failures        - INFO     - Make sure all zdbs are up
[Fri23 14:12] - test05_bitrot.py  :56  :j.s3_failures        - INFO     - Get the minio namespaces and get the zdbs location
[Fri23 14:12] - test05_bitrot.py  :60  :j.s3_failures        - INFO     - Get the extra 25% namespaces down
[Fri23 14:12] - failures.py       :154 :j.<module>           - INFO     - stop dd709fa4-589d-4a10-a498-0a72c3d778b3 on node ac1f6b457344
[Fri23 14:12] - failures.py       :154 :j.<module>           - INFO     - stop 626d72f9-8c3a-4e3e-af82-1a4d1f05f3dd on node ac1f6b457630
[Fri23 14:12] - test05_bitrot.py  :66  :j.s3_failures        - INFO     - Upload a file and get its md5sum, should succeed.
[Fri23 14:12] - s3.py             :43  :j.s3demo             - INFO     - get s3 client : ParseResult(scheme='http', netloc='172.29.166.127:1024', path='', params='', query='', fragment='')
[Fri23 14:12] - s3.py             :167 :j.s3demo             - INFO     - create bucket
[Fri23 14:12] - s3.py             :168 :j.s3demo             - INFO     - bucket : 6vomdj8nz6tmum8e
[Fri23 14:12] - s3.py             :186 :j.s3demo             - INFO     - upload 3dqznk63heg2d4s7 file to 6vomdj8nz6tmum8e bucket
[Fri23 14:13] - test05_bitrot.py  :69  :j.s3_failures        - INFO     - Corrupt all data in any zdb location
[Fri23 14:13] - test05_bitrot.py  :74  :j.s3_failures        - INFO     - Get parity zdbs down excluding the corrupted namespace
[Fri23 14:13] - failures.py       :154 :j.<module>           - INFO     - stop 35a341f9-c3bb-409f-b45d-efa813b900fa on node ac1f6b457344
[Fri23 14:13] - failures.py       :154 :j.<module>           - INFO     - stop fd99b806-e258-41d7-a401-d17dd09c6c03 on node ac1f6b457338
[Fri23 14:13] - test05_bitrot.py  :78  :j.s3_failures        - INFO     - Try to download F1, should give wrong md5
[Fri23 14:13] - s3.py             :198 :j.s3demo             - INFO     - Download 3dqznk63heg2d4s7 file form 6vomdj8nz6tmum8e bucket
[Fri23 14:14] - test05_bitrot.py  :82  :j.s3_failures        - INFO     - Get parity zdbs up exculding extra_namespaces zdbs
[Fri23 14:14] - failures.py       :184 :j.<module>           - INFO     - start 35a341f9-c3bb-409f-b45d-efa813b900fa on node ac1f6b457344
[Fri23 14:14] - failures.py       :184 :j.<module>           - INFO     - start fd99b806-e258-41d7-a401-d17dd09c6c03 on node ac1f6b457338
[Fri23 14:14] - test05_bitrot.py  :85  :j.s3_failures        - INFO     - Run the bitrot protection, should succeed
[Fri23 14:14] - test05_bitrot.py  :88  :j.s3_failures        - INFO     - Get parity zdbs down again excluding corrupted namespace zdb
[Fri23 14:14] - failures.py       :154 :j.<module>           - INFO     - stop 35a341f9-c3bb-409f-b45d-efa813b900fa on node ac1f6b457344
[Fri23 14:15] - failures.py       :154 :j.<module>           - INFO     - stop fd99b806-e258-41d7-a401-d17dd09c6c03 on node ac1f6b457338
[Fri23 14:15] - test05_bitrot.py  :91  :j.s3_failures        - INFO     - Download F1 again , should have same md5 as the uploaded file
[Fri23 14:15] - s3.py             :198 :j.s3demo             - INFO     - Download 3dqznk63heg2d4s7 file form 6vomdj8nz6tmum8e bucket
[Fri23 14:15] - test05_bitrot.py  :17  :j.s3_failures        - INFO     - Make sure all zdbs are up
[Fri23 14:15] - failures.py       :184 :j.<module>           - INFO     - start dd709fa4-589d-4a10-a498-0a72c3d778b3 on node ac1f6b457344
[Fri23 14:15] - failures.py       :184 :j.<module>           - INFO     - start 626d72f9-8c3a-4e3e-af82-1a4d1f05f3dd on node ac1f6b457630
[Fri23 14:15] - failures.py       :184 :j.<module>           - INFO     - start 35a341f9-c3bb-409f-b45d-efa813b900fa on node ac1f6b457344
[Fri23 14:15] - failures.py       :184 :j.<module>           - INFO     - start fd99b806-e258-41d7-a401-d17dd09c6c03 on node ac1f6b457338
passed

-----------------------------------------------------------------------------
1 test run in 223.738 seconds (1 test passed)



root@ubuntu:/opt/code/github/threefoldtech/minio/test/failures_testsuite# nosetests-3.4 -vs --logging-level=WARNING --progressive-with-bar --rednose testcases/s3/test03_zrobot.py:ZrobotFailures.test001_zrobot_kill
[Fri23 14:39] - failures.py       :34  :j.<module>           - INFO     - check 5bf8cee2-7f85-4fd5-a78f-427039e3d777 on node ac1f6b272328 status
[Fri23 14:39] - failures.py       :34  :j.<module>           - INFO     - check 684180c7-085a-4216-a230-48695e78c253 on node ac1f6b457630 status
[Fri23 14:39] - failures.py       :34  :j.<module>           - INFO     - check 03f3aa5d-cb17-4d09-b36d-9bf82ebccfd6 on node ac1f6b457630 status
[Fri23 14:39] - failures.py       :34  :j.<module>           - INFO     - check 3ca04009-8204-46cb-8b18-507e945a272b on node ac1f6b457338 status
[Fri23 14:39] - failures.py       :34  :j.<module>           - INFO     - check caac124a-9605-4d57-a179-c1279423cb29 on node ac1f6b457338 status
[Fri23 14:39] - failures.py       :34  :j.<module>           - INFO     - check 55f8434f-1f82-40ba-9e09-ae3ef753b266 on node ac1f6b457344 status
[Fri23 14:39] - failures.py       :34  :j.<module>           - INFO     - check 054f9be6-5462-4afb-a39c-3c343332f354 on node ac1f6b457344 status
[Fri23 14:39] - failures.py       :34  :j.<module>           - INFO     - check 98fa2cba-dc95-4a1e-98e0-e183f2339ee5 on node ac1f6b457344 status
test001_zrobot_kill ... [Fri23 14:39] - s3.py             :43  :j.s3demo             - INFO     - get s3 client : ParseResult(scheme='http', netloc='172.29.134.218:1024', path='', params='', query='', fragment='')
[Fri23 14:39] - s3.py             :167 :j.s3demo             - INFO     - create bucket
[Fri23 14:39] - s3.py             :168 :j.s3demo             - INFO     - bucket : ffid9omy6n59zg4v
[Fri23 14:39] - s3.py             :186 :j.s3demo             - INFO     - upload bzmvgqjp5ftzmt9t file to ffid9omy6n59zg4v bucket
[Fri23 14:39] - test03_zrobot.py  :15  :j.s3_failures        - INFO     - kill zrobot process and make sure it will restart automatically
[Fri23 14:39] - test03_zrobot.py  :17  :j.s3_failures        - INFO     - minio node adder : 172.29.134.218
[Fri23 14:39] - failures.py       :374 :j.<module>           - INFO     - kill the robot on node172.29.134.218
[Fri23 14:39] - failures.py       :381 :j.<module>           - INFO     - the robot process has been killed
[Fri23 14:39] - failures.py       :383 :j.<module>           - INFO     - wait for the robot to restart
[Fri23 14:39] - failures.py       :390 :j.<module>           - INFO     - zrobot took 0.2398073673248291 sec to restart
[Fri23 14:39] - test03_zrobot.py  :21  :j.s3_failures        - INFO     - Download uploaded file, and check that both are same.
[Fri23 14:39] - s3.py             :198 :j.s3demo             - INFO     - Download bzmvgqjp5ftzmt9t file form ffid9omy6n59zg4v bucket
passed

-----------------------------------------------------------------------------
1 test run in 22.322 seconds (1 test passed)

root@ubuntu:/opt/code/github/threefoldtech/minio/test/failures_testsuite# nosetests-3.4 -vs --logging-level=WARNING --progressive-with-bar --rednose testcases/s3/test03_zrobot.py:ZrobotFailures.test002_kill_minio_process
[Fri23 14:42] - failures.py       :34  :j.<module>           - INFO     - check 5bf8cee2-7f85-4fd5-a78f-427039e3d777 on node ac1f6b272328 status
[Fri23 14:42] - failures.py       :34  :j.<module>           - INFO     - check 684180c7-085a-4216-a230-48695e78c253 on node ac1f6b457630 status
[Fri23 14:42] - failures.py       :34  :j.<module>           - INFO     - check 03f3aa5d-cb17-4d09-b36d-9bf82ebccfd6 on node ac1f6b457630 status
[Fri23 14:42] - failures.py       :34  :j.<module>           - INFO     - check 3ca04009-8204-46cb-8b18-507e945a272b on node ac1f6b457338 status
[Fri23 14:42] - failures.py       :34  :j.<module>           - INFO     - check 054f9be6-5462-4afb-a39c-3c343332f354 on node ac1f6b457344 status
[Fri23 14:42] - failures.py       :34  :j.<module>           - INFO     - check caac124a-9605-4d57-a179-c1279423cb29 on node ac1f6b457338 status
[Fri23 14:42] - failures.py       :34  :j.<module>           - INFO     - check 98fa2cba-dc95-4a1e-98e0-e183f2339ee5 on node ac1f6b457344 status
[Fri23 14:42] - failures.py       :34  :j.<module>           - INFO     - check 55f8434f-1f82-40ba-9e09-ae3ef753b266 on node ac1f6b457344 status
- kill minio process and make sure it will restart automatically. ... [Fri23 14:42] - test03_zrobot.py  :29  :j.s3_failures        - INFO     - kill minio process and make sure it will restart automatically
[Fri23 14:42] - failures.py       :73  :j.<module>           - INFO     - killing minio process
[Fri23 14:42] - failures.py       :76  :j.<module>           - INFO     - minio process killed
[Fri23 14:42] - failures.py       :78  :j.<module>           - INFO     - wait for minio to restart
[Fri23 14:42] - failures.py       :85  :j.<module>           - INFO     - minio took 10.639236688613892 sec to restart
passed

-----------------------------------------------------------------------------
1 test run in 31.468 seconds (1 test passed)

root@ubuntu:/opt/code/github/threefoldtech/minio/test/failures_testsuite# nosetests-3.4 -vs --logging-level=WARNING --progressive-with-bar --rednose testcases/s3/test02_zdb.py 
[Fri23 14:54] - failures.py       :34  :j.<module>           - INFO     - check 5bf8cee2-7f85-4fd5-a78f-427039e3d777 on node ac1f6b272328 status
[Fri23 14:54] - failures.py       :34  :j.<module>           - INFO     - check 3ca04009-8204-46cb-8b18-507e945a272b on node ac1f6b457338 status
[Fri23 14:54] - failures.py       :34  :j.<module>           - INFO     - check 03f3aa5d-cb17-4d09-b36d-9bf82ebccfd6 on node ac1f6b457630 status
[Fri23 14:54] - failures.py       :34  :j.<module>           - INFO     - check 684180c7-085a-4216-a230-48695e78c253 on node ac1f6b457630 status
[Fri23 14:54] - failures.py       :34  :j.<module>           - INFO     - check caac124a-9605-4d57-a179-c1279423cb29 on node ac1f6b457338 status
[Fri23 14:54] - failures.py       :34  :j.<module>           - INFO     - check 55f8434f-1f82-40ba-9e09-ae3ef753b266 on node ac1f6b457344 status
[Fri23 14:54] - failures.py       :34  :j.<module>           - INFO     - check 054f9be6-5462-4afb-a39c-3c343332f354 on node ac1f6b457344 status
[Fri23 14:54] - failures.py       :34  :j.<module>           - INFO     - check 98fa2cba-dc95-4a1e-98e0-e183f2339ee5 on node ac1f6b457344 status
test001_zdb_kill ... [Fri23 14:54] - s3.py             :43  :j.s3demo             - INFO     - get s3 client : ParseResult(scheme='http', netloc='172.29.134.218:1024', path='', params='', query='', fragment='')
[Fri23 14:54] - s3.py             :167 :j.s3demo             - INFO     - create bucket
[Fri23 14:54] - s3.py             :168 :j.s3demo             - INFO     - bucket : 1k091y834rvyyc9y
[Fri23 14:54] - s3.py             :186 :j.s3demo             - INFO     - upload n6iswfaathb74jp7 file to 1k091y834rvyyc9y bucket
[Fri23 14:54] - test02_zdb.py     :16  :j.s3_failures        - INFO     - kill zdb process and make sure it will restart automatically
[Fri23 14:54] - failures.py       :112 :j.<module>           - INFO     - kill 054f9be6-5462-4afb-a39c-3c343332f354 zdb process on node ac1f6b457344
[Fri23 14:54] - failures.py       :121 :j.<module>           - INFO     - wait zdb process to restart. 
[Fri23 14:54] - failures.py       :128 :j.<module>           - INFO     - zdb took 0.007687807083129883 sec to restart
[Fri23 14:54] - s3.py             :198 :j.s3demo             - INFO     - Download n6iswfaathb74jp7 file form 1k091y834rvyyc9y bucket
passed
test002_upload_stop_parity_zdb_download ... [Fri23 14:54] - s3.py             :167 :j.s3demo             - INFO     - create bucket
[Fri23 14:54] - s3.py             :168 :j.s3demo             - INFO     - bucket : ikzoul8lxp20qq04
[Fri23 14:54] - s3.py             :186 :j.s3demo             - INFO     - upload 10pjlowdvq5j2nbi file to ikzoul8lxp20qq04 bucket
[Fri23 14:54] - s3.py             :198 :j.s3demo             - INFO     - Download 10pjlowdvq5j2nbi file form ikzoul8lxp20qq04 bucket
[Fri23 14:54] - test02_zdb.py     :40  :j.s3_failures        - INFO     - Stop 2 zdb
[Fri23 14:54] - failures.py       :154 :j.<module>           - INFO     - stop 054f9be6-5462-4afb-a39c-3c343332f354 on node ac1f6b457344
[Fri23 14:54] - failures.py       :154 :j.<module>           - INFO     - stop 684180c7-085a-4216-a230-48695e78c253 on node ac1f6b457630
[Fri23 14:54] - s3.py             :198 :j.s3demo             - INFO     - Download 10pjlowdvq5j2nbi file form ikzoul8lxp20qq04 bucket
[Fri23 14:54] - test02_zdb.py     :46  :j.s3_failures        - INFO     - Start 2 zdb
[Fri23 14:54] - failures.py       :184 :j.<module>           - INFO     - start 054f9be6-5462-4afb-a39c-3c343332f354 on node ac1f6b457344
[Fri23 14:54] - failures.py       :184 :j.<module>           - INFO     - start 684180c7-085a-4216-a230-48695e78c253 on node ac1f6b457630
passed
test003_stop_parity_zdb_upload_download_start ... [Fri23 14:54] - s3.py             :167 :j.s3demo             - INFO     - create bucket
[Fri23 14:54] - s3.py             :168 :j.s3demo             - INFO     - bucket : mor2km2w52snuoxp
[Fri23 14:54] - s3.py             :186 :j.s3demo             - INFO     - upload e8ch4iuxxzz9m2w0 file to mor2km2w52snuoxp bucket
[Fri23 14:54] - test02_zdb.py     :60  :j.s3_failures        - INFO     - stop 2 zdb
[Fri23 14:54] - failures.py       :154 :j.<module>           - INFO     - stop 054f9be6-5462-4afb-a39c-3c343332f354 on node ac1f6b457344
[Fri23 14:54] - failures.py       :154 :j.<module>           - INFO     - stop 684180c7-085a-4216-a230-48695e78c253 on node ac1f6b457630
[Fri23 14:54] - s3.py             :198 :j.s3demo             - INFO     - Download e8ch4iuxxzz9m2w0 file form mor2km2w52snuoxp bucket
[Fri23 14:55] - test02_zdb.py     :66  :j.s3_failures        - INFO     - start 2 zdb
[Fri23 14:55] - failures.py       :184 :j.<module>           - INFO     - start 054f9be6-5462-4afb-a39c-3c343332f354 on node ac1f6b457344
[Fri23 14:55] - failures.py       :184 :j.<module>           - INFO     - start 684180c7-085a-4216-a230-48695e78c253 on node ac1f6b457630
passed
test004_stop_parity_zdb_upload_start_download ... [Fri23 14:55] - s3.py             :167 :j.s3demo             - INFO     - create bucket
[Fri23 14:55] - s3.py             :168 :j.s3demo             - INFO     - bucket : 6adnb74le09vu61y
[Fri23 14:55] - s3.py             :186 :j.s3demo             - INFO     - upload zf1uiazgpf73fm59 file to 6adnb74le09vu61y bucket
[Fri23 14:55] - test02_zdb.py     :80  :j.s3_failures        - INFO     - stop 2 zdb
[Fri23 14:55] - failures.py       :154 :j.<module>           - INFO     - stop 054f9be6-5462-4afb-a39c-3c343332f354 on node ac1f6b457344
[Fri23 14:55] - failures.py       :154 :j.<module>           - INFO     - stop 684180c7-085a-4216-a230-48695e78c253 on node ac1f6b457630
[Fri23 14:55] - test02_zdb.py     :83  :j.s3_failures        - INFO     - start 2 zdb
[Fri23 14:55] - failures.py       :184 :j.<module>           - INFO     - start 054f9be6-5462-4afb-a39c-3c343332f354 on node ac1f6b457344
[Fri23 14:55] - failures.py       :184 :j.<module>           - INFO     - start 684180c7-085a-4216-a230-48695e78c253 on node ac1f6b457630
[Fri23 14:55] - s3.py             :198 :j.s3demo             - INFO     - Download zf1uiazgpf73fm59 file form 6adnb74le09vu61y bucket
passed
test005_stop_greater_parity_zdb_upload ... [Fri23 14:55] - s3.py             :167 :j.s3demo             - INFO     - create bucket
[Fri23 14:55] - s3.py             :168 :j.s3demo             - INFO     - bucket : 1t83xb2se09udljm
[Fri23 14:55] - s3.py             :186 :j.s3demo             - INFO     - upload leuoppfjwkbvko80 file to 1t83xb2se09udljm bucket
[Fri23 14:55] - test02_zdb.py     :101 :j.s3_failures        - INFO     - stop 3 zdb
[Fri23 14:55] - failures.py       :154 :j.<module>           - INFO     - stop 054f9be6-5462-4afb-a39c-3c343332f354 on node ac1f6b457344
[Fri23 14:55] - failures.py       :154 :j.<module>           - INFO     - stop 684180c7-085a-4216-a230-48695e78c253 on node ac1f6b457630
[Fri23 14:55] - failures.py       :154 :j.<module>           - INFO     - stop 5bf8cee2-7f85-4fd5-a78f-427039e3d777 on node ac1f6b272328
[Fri23 14:55] - test02_zdb.py     :104 :j.s3_failures        - INFO     - uploading should raise an error
[Fri23 14:55] - s3.py             :167 :j.s3demo             - INFO     - create bucket
[Fri23 14:55] - s3.py             :168 :j.s3demo             - INFO     - bucket : tfm53wxy8nuyncdi
[Fri23 14:55] - s3.py             :186 :j.s3demo             - INFO     - upload h7cx8hy38t9wuzbp file to tfm53wxy8nuyncdi bucket
[Fri23 14:57] - s3.py             :190 :j.s3demo             - WARNING  - Can't upload h7cx8hy38t9wuzbp file
[Fri23 14:57] - test02_zdb.py     :108 :j.s3_failures        - INFO     - start 3 zdb
[Fri23 14:57] - failures.py       :184 :j.<module>           - INFO     - start 054f9be6-5462-4afb-a39c-3c343332f354 on node ac1f6b457344
[Fri23 14:57] - failures.py       :184 :j.<module>           - INFO     - start 684180c7-085a-4216-a230-48695e78c253 on node ac1f6b457630
[Fri23 14:57] - failures.py       :184 :j.<module>           - INFO     - start 5bf8cee2-7f85-4fd5-a78f-427039e3d777 on node ac1f6b272328
[Fri23 14:57] - s3.py             :198 :j.s3demo             - INFO     - Download leuoppfjwkbvko80 file form 1t83xb2se09udljm bucket
passed

-----------------------------------------------------------------------------
5 tests run in 242.388 seconds (5 tests passed)


root@ubuntu:/opt/code/github/threefoldtech/minio/test/failures_testsuite# nosetests-3.4 -vs --logging-level=WARNING --progressive-with-bar --rednose testcases/s3/test01_tlog.py:TestTlog.test003_upload_kill_tlog_download
[Fri23 16:51] - failures.py       :34  :j.<module>           - INFO     - check 5bf8cee2-7f85-4fd5-a78f-427039e3d777 on node ac1f6b272328 status
[Fri23 16:51] - failures.py       :34  :j.<module>           - INFO     - check 684180c7-085a-4216-a230-48695e78c253 on node ac1f6b457630 status
[Fri23 16:51] - failures.py       :34  :j.<module>           - INFO     - check 03f3aa5d-cb17-4d09-b36d-9bf82ebccfd6 on node ac1f6b457630 status
[Fri23 16:51] - failures.py       :34  :j.<module>           - INFO     - check caac124a-9605-4d57-a179-c1279423cb29 on node ac1f6b457338 status
[Fri23 16:51] - failures.py       :34  :j.<module>           - INFO     - check 3ca04009-8204-46cb-8b18-507e945a272b on node ac1f6b457338 status
[Fri23 16:51] - failures.py       :34  :j.<module>           - INFO     - check 054f9be6-5462-4afb-a39c-3c343332f354 on node ac1f6b457344 status
[Fri23 16:51] - failures.py       :34  :j.<module>           - INFO     - check 55f8434f-1f82-40ba-9e09-ae3ef753b266 on node ac1f6b457344 status
[Fri23 16:51] - failures.py       :34  :j.<module>           - INFO     - check 98fa2cba-dc95-4a1e-98e0-e183f2339ee5 on node ac1f6b457344 status
test003_upload_kill_tlog_download ... [Fri23 16:51] - test01_tlog.py    :80  :j.s3_failures        - INFO     - Upload file
[Fri23 16:51] - s3.py             :43  :j.s3demo             - INFO     - get s3 client : ParseResult(scheme='http', netloc='172.29.134.218:1024', path='', params='', query='', fragment='')
[Fri23 16:51] - s3.py             :167 :j.s3demo             - INFO     - create bucket
[Fri23 16:51] - s3.py             :168 :j.s3demo             - INFO     - bucket : 0ucx5vaovfvp5kby
[Fri23 16:51] - s3.py             :186 :j.s3demo             - INFO     - upload 043vmpxohndtl98m file to 0ucx5vaovfvp5kby bucket
[Fri23 16:51] - failures.py       :320 :j.<module>           - INFO     - kill Tlog zdb process, zrobot will bring it back
[Fri23 16:51] - failures.py       :330 :j.<module>           - INFO     - kill 15e366ad-3bc0-462e-8df4-b48b5a1843fb Tlog zdb
[Fri23 16:52] - test01_tlog.py    :86  :j.s3_failures        - INFO     - Download file, should succeed
[Fri23 16:52] - s3.py             :198 :j.s3demo             - INFO     - Download 043vmpxohndtl98m file form 0ucx5vaovfvp5kby bucket
passed

-----------------------------------------------------------------------------
1 test run in 85.546 seconds (1 test passed)


root@ubuntu:/opt/code/github/threefoldtech/minio/test/failures_testsuite# nosetests-3.4 -vs --logging-level=WARNING --progressive-with-bar --rednose testcases/s3/test01_tlog.py 
[Fri23 16:04] - failures.py       :34  :j.<module>           - INFO     - check 5bf8cee2-7f85-4fd5-a78f-427039e3d777 on node ac1f6b272328 status
[Fri23 16:04] - failures.py       :34  :j.<module>           - INFO     - check 03f3aa5d-cb17-4d09-b36d-9bf82ebccfd6 on node ac1f6b457630 status
[Fri23 16:04] - failures.py       :34  :j.<module>           - INFO     - check 55f8434f-1f82-40ba-9e09-ae3ef753b266 on node ac1f6b457344 status
[Fri23 16:04] - failures.py       :34  :j.<module>           - INFO     - check caac124a-9605-4d57-a179-c1279423cb29 on node ac1f6b457338 status
[Fri23 16:04] - failures.py       :34  :j.<module>           - INFO     - check 054f9be6-5462-4afb-a39c-3c343332f354 on node ac1f6b457344 status
[Fri23 16:04] - failures.py       :34  :j.<module>           - INFO     - check 3ca04009-8204-46cb-8b18-507e945a272b on node ac1f6b457338 status
[Fri23 16:04] - failures.py       :34  :j.<module>           - INFO     - check 684180c7-085a-4216-a230-48695e78c253 on node ac1f6b457630 status
[Fri23 16:04] - failures.py       :34  :j.<module>           - INFO     - check 98fa2cba-dc95-4a1e-98e0-e183f2339ee5 on node ac1f6b457344 status
test001_upload_stop_tlog_start_download ... [Fri23 16:04] - s3.py             :43  :j.s3demo             - INFO     - get s3 client : ParseResult(scheme='http', netloc='172.29.134.218:1024', path='', params='', query='', fragment='')
[Fri23 16:04] - s3.py             :167 :j.s3demo             - INFO     - create bucket
[Fri23 16:04] - s3.py             :168 :j.s3demo             - INFO     - bucket : lt54p9h6hb5jr2wx
[Fri23 16:04] - s3.py             :186 :j.s3demo             - INFO     - upload vyaohves8s8kffni file to lt54p9h6hb5jr2wx bucket
[Fri23 16:04] - failures.py       :256 :j.<module>           - INFO     - stop Tlog 15e366ad-3bc0-462e-8df4-b48b5a1843fb on node ac1f6b272260
[Fri23 16:05] - s3.py             :198 :j.s3demo             - INFO     - Download vyaohves8s8kffni file form lt54p9h6hb5jr2wx bucket
[Fri23 16:05] - failures.py       :280 :j.<module>           - INFO     - start Tlog 15e366ad-3bc0-462e-8df4-b48b5a1843fb on node ac1f6b272260
[Fri23 16:05] - test01_tlog.py    :27  :j.s3_failures        - INFO     - wait till tlog  be up
[Fri23 16:05] - s3.py             :198 :j.s3demo             - INFO     - Download vyaohves8s8kffni file form lt54p9h6hb5jr2wx bucket
passed

